mode: set
github.com/vsc-eco/vsc-dex-mapping/services/indexer/cmd/main.go:16.13,28.23 4 0
github.com/vsc-eco/vsc-dex-mapping/services/indexer/cmd/main.go:28.23,30.3 1 0
github.com/vsc-eco/vsc-dex-mapping/services/indexer/cmd/main.go:33.2,33.22 1 0
github.com/vsc-eco/vsc-dex-mapping/services/indexer/cmd/main.go:33.22,36.52 2 0
github.com/vsc-eco/vsc-dex-mapping/services/indexer/cmd/main.go:36.52,38.15 2 0
github.com/vsc-eco/vsc-dex-mapping/services/indexer/cmd/main.go:38.15,40.5 1 0
github.com/vsc-eco/vsc-dex-mapping/services/indexer/cmd/main.go:42.3,42.33 1 0
github.com/vsc-eco/vsc-dex-mapping/services/indexer/cmd/main.go:46.2,52.12 5 0
github.com/vsc-eco/vsc-dex-mapping/services/indexer/cmd/main.go:52.12,53.24 1 0
github.com/vsc-eco/vsc-dex-mapping/services/indexer/cmd/main.go:53.24,55.4 1 0
github.com/vsc-eco/vsc-dex-mapping/services/indexer/cmd/main.go:55.9,57.4 1 0
github.com/vsc-eco/vsc-dex-mapping/services/indexer/cmd/main.go:58.3,58.40 1 0
github.com/vsc-eco/vsc-dex-mapping/services/indexer/cmd/main.go:58.40,60.4 1 0
github.com/vsc-eco/vsc-dex-mapping/services/indexer/cmd/main.go:63.2,69.40 5 0
github.com/vsc-eco/vsc-dex-mapping/services/indexer/indexer.go:59.55,77.2 5 1
github.com/vsc-eco/vsc-dex-mapping/services/indexer/indexer.go:80.49,85.2 4 1
github.com/vsc-eco/vsc-dex-mapping/services/indexer/indexer.go:88.52,92.2 3 1
github.com/vsc-eco/vsc-dex-mapping/services/indexer/indexer.go:95.47,99.2 3 1
github.com/vsc-eco/vsc-dex-mapping/services/indexer/indexer.go:102.52,104.12 1 0
github.com/vsc-eco/vsc-dex-mapping/services/indexer/indexer.go:104.12,105.73 1 0
github.com/vsc-eco/vsc-dex-mapping/services/indexer/indexer.go:105.73,107.4 1 0
github.com/vsc-eco/vsc-dex-mapping/services/indexer/indexer.go:111.2,116.26 5 0
github.com/vsc-eco/vsc-dex-mapping/services/indexer/indexer.go:116.26,118.55 2 0
github.com/vsc-eco/vsc-dex-mapping/services/indexer/indexer.go:118.55,121.4 1 0
github.com/vsc-eco/vsc-dex-mapping/services/indexer/indexer.go:121.9,123.4 1 0
github.com/vsc-eco/vsc-dex-mapping/services/indexer/indexer.go:127.2,128.28 2 0
github.com/vsc-eco/vsc-dex-mapping/services/indexer/indexer.go:132.59,136.47 2 1
github.com/vsc-eco/vsc-dex-mapping/services/indexer/indexer.go:136.47,138.3 1 0
github.com/vsc-eco/vsc-dex-mapping/services/indexer/indexer.go:140.2,144.45 3 1
github.com/vsc-eco/vsc-dex-mapping/services/indexer/indexer.go:144.45,146.3 1 0
github.com/vsc-eco/vsc-dex-mapping/services/indexer/indexer.go:148.2,148.6 1 1
github.com/vsc-eco/vsc-dex-mapping/services/indexer/indexer.go:148.6,149.10 1 1
github.com/vsc-eco/vsc-dex-mapping/services/indexer/indexer.go:150.21,151.14 1 1
github.com/vsc-eco/vsc-dex-mapping/services/indexer/indexer.go:152.19,153.47 1 0
github.com/vsc-eco/vsc-dex-mapping/services/indexer/indexer.go:153.47,156.5 1 0
github.com/vsc-eco/vsc-dex-mapping/services/indexer/indexer.go:162.62,178.72 3 1
github.com/vsc-eco/vsc-dex-mapping/services/indexer/indexer.go:178.72,180.3 1 1
github.com/vsc-eco/vsc-dex-mapping/services/indexer/indexer.go:182.2,182.28 1 1
github.com/vsc-eco/vsc-dex-mapping/services/indexer/indexer.go:182.28,184.3 1 0
github.com/vsc-eco/vsc-dex-mapping/services/indexer/indexer.go:186.2,190.12 4 1
github.com/vsc-eco/vsc-dex-mapping/services/indexer/indexer.go:194.60,201.39 5 1
github.com/vsc-eco/vsc-dex-mapping/services/indexer/indexer.go:201.39,202.75 1 1
github.com/vsc-eco/vsc-dex-mapping/services/indexer/indexer.go:202.75,204.4 1 0
github.com/vsc-eco/vsc-dex-mapping/services/indexer/indexer.go:208.2,208.31 1 1
github.com/vsc-eco/vsc-dex-mapping/services/indexer/indexer.go:212.103,252.78 4 1
github.com/vsc-eco/vsc-dex-mapping/services/indexer/indexer.go:252.78,254.3 1 0
github.com/vsc-eco/vsc-dex-mapping/services/indexer/indexer.go:256.2,256.28 1 1
github.com/vsc-eco/vsc-dex-mapping/services/indexer/indexer.go:256.28,258.3 1 0
github.com/vsc-eco/vsc-dex-mapping/services/indexer/indexer.go:261.2,261.56 1 1
github.com/vsc-eco/vsc-dex-mapping/services/indexer/indexer.go:261.56,262.44 1 1
github.com/vsc-eco/vsc-dex-mapping/services/indexer/indexer.go:262.44,277.62 2 1
github.com/vsc-eco/vsc-dex-mapping/services/indexer/indexer.go:277.62,281.5 1 1
github.com/vsc-eco/vsc-dex-mapping/services/indexer/indexer.go:283.4,283.24 1 1
github.com/vsc-eco/vsc-dex-mapping/services/indexer/indexer.go:287.2,287.12 1 1
github.com/vsc-eco/vsc-dex-mapping/services/indexer/indexer.go:291.134,295.22 2 1
github.com/vsc-eco/vsc-dex-mapping/services/indexer/indexer.go:295.22,297.3 1 1
github.com/vsc-eco/vsc-dex-mapping/services/indexer/indexer.go:299.2,300.16 2 1
github.com/vsc-eco/vsc-dex-mapping/services/indexer/indexer.go:300.16,302.3 1 0
github.com/vsc-eco/vsc-dex-mapping/services/indexer/indexer.go:304.2,305.16 2 1
github.com/vsc-eco/vsc-dex-mapping/services/indexer/indexer.go:305.16,307.3 1 0
github.com/vsc-eco/vsc-dex-mapping/services/indexer/indexer.go:308.2,312.16 4 1
github.com/vsc-eco/vsc-dex-mapping/services/indexer/indexer.go:312.16,314.3 1 1
github.com/vsc-eco/vsc-dex-mapping/services/indexer/indexer.go:315.2,317.38 2 1
github.com/vsc-eco/vsc-dex-mapping/services/indexer/indexer.go:317.38,319.3 1 0
github.com/vsc-eco/vsc-dex-mapping/services/indexer/indexer.go:321.2,321.66 1 1
github.com/vsc-eco/vsc-dex-mapping/services/indexer/indexer.go:321.66,323.3 1 0
github.com/vsc-eco/vsc-dex-mapping/services/indexer/indexer.go:325.2,325.12 1 1
github.com/vsc-eco/vsc-dex-mapping/services/indexer/indexer.go:329.69,340.16 6 1
github.com/vsc-eco/vsc-dex-mapping/services/indexer/indexer.go:340.16,341.18 1 1
github.com/vsc-eco/vsc-dex-mapping/services/indexer/indexer.go:341.18,343.4 1 0
github.com/vsc-eco/vsc-dex-mapping/services/indexer/indexer.go:344.3,344.60 1 1
github.com/vsc-eco/vsc-dex-mapping/services/indexer/indexer.go:347.2,358.48 6 1
github.com/vsc-eco/vsc-dex-mapping/services/indexer/indexer.go:358.48,360.3 1 0
github.com/vsc-eco/vsc-dex-mapping/services/indexer/indexer.go:363.2,364.47 2 1
github.com/vsc-eco/vsc-dex-mapping/services/indexer/indexer.go:364.47,366.3 1 0
github.com/vsc-eco/vsc-dex-mapping/services/indexer/indexer.go:367.2,367.40 1 1
github.com/vsc-eco/vsc-dex-mapping/services/indexer/indexer.go:367.40,369.3 1 1
github.com/vsc-eco/vsc-dex-mapping/services/indexer/indexer.go:372.2,378.24 5 1
github.com/vsc-eco/vsc-dex-mapping/services/indexer/indexer.go:378.24,380.31 2 1
github.com/vsc-eco/vsc-dex-mapping/services/indexer/indexer.go:380.31,381.13 1 1
github.com/vsc-eco/vsc-dex-mapping/services/indexer/indexer.go:381.13,383.5 1 0
github.com/vsc-eco/vsc-dex-mapping/services/indexer/indexer.go:384.4,384.42 1 1
github.com/vsc-eco/vsc-dex-mapping/services/indexer/indexer.go:386.3,387.32 2 1
github.com/vsc-eco/vsc-dex-mapping/services/indexer/indexer.go:390.2,407.53 2 1
github.com/vsc-eco/vsc-dex-mapping/services/indexer/indexer.go:407.53,409.3 1 0
github.com/vsc-eco/vsc-dex-mapping/services/indexer/indexer.go:411.2,414.6 2 1
github.com/vsc-eco/vsc-dex-mapping/services/indexer/indexer.go:414.6,415.10 1 1
github.com/vsc-eco/vsc-dex-mapping/services/indexer/indexer.go:416.21,417.14 1 0
github.com/vsc-eco/vsc-dex-mapping/services/indexer/indexer.go:418.11,426.18 3 1
github.com/vsc-eco/vsc-dex-mapping/services/indexer/indexer.go:426.18,428.5 1 0
github.com/vsc-eco/vsc-dex-mapping/services/indexer/indexer.go:431.4,431.25 1 1
github.com/vsc-eco/vsc-dex-mapping/services/indexer/indexer.go:432.16,434.81 1 1
github.com/vsc-eco/vsc-dex-mapping/services/indexer/indexer.go:434.81,435.65 1 1
github.com/vsc-eco/vsc-dex-mapping/services/indexer/indexer.go:435.65,436.40 1 1
github.com/vsc-eco/vsc-dex-mapping/services/indexer/indexer.go:436.40,437.66 1 1
github.com/vsc-eco/vsc-dex-mapping/services/indexer/indexer.go:437.66,439.25 2 1
github.com/vsc-eco/vsc-dex-mapping/services/indexer/indexer.go:439.25,441.10 1 1
github.com/vsc-eco/vsc-dex-mapping/services/indexer/indexer.go:446.17,448.66 2 0
github.com/vsc-eco/vsc-dex-mapping/services/indexer/indexer.go:449.20,451.15 2 1
github.com/vsc-eco/vsc-dex-mapping/services/indexer/indexer.go:458.63,461.44 2 1
github.com/vsc-eco/vsc-dex-mapping/services/indexer/indexer.go:461.44,463.3 1 1
github.com/vsc-eco/vsc-dex-mapping/services/indexer/indexer.go:464.2,464.48 1 1
github.com/vsc-eco/vsc-dex-mapping/services/indexer/indexer.go:464.48,466.3 1 1
github.com/vsc-eco/vsc-dex-mapping/services/indexer/indexer.go:467.2,467.46 1 1
github.com/vsc-eco/vsc-dex-mapping/services/indexer/indexer.go:467.46,469.3 1 1
github.com/vsc-eco/vsc-dex-mapping/services/indexer/indexer.go:470.2,470.44 1 1
github.com/vsc-eco/vsc-dex-mapping/services/indexer/indexer.go:470.44,472.3 1 1
github.com/vsc-eco/vsc-dex-mapping/services/indexer/indexer.go:473.2,473.52 1 1
github.com/vsc-eco/vsc-dex-mapping/services/indexer/indexer.go:473.52,475.3 1 1
github.com/vsc-eco/vsc-dex-mapping/services/indexer/indexer.go:476.2,476.63 1 1
github.com/vsc-eco/vsc-dex-mapping/services/indexer/indexer.go:476.63,478.17 2 1
github.com/vsc-eco/vsc-dex-mapping/services/indexer/indexer.go:478.17,480.4 1 1
github.com/vsc-eco/vsc-dex-mapping/services/indexer/indexer.go:483.2,483.14 1 1
github.com/vsc-eco/vsc-dex-mapping/services/indexer/indexer.go:487.47,491.35 3 1
github.com/vsc-eco/vsc-dex-mapping/services/indexer/indexer.go:491.35,492.51 1 1
github.com/vsc-eco/vsc-dex-mapping/services/indexer/indexer.go:492.51,494.4 1 0
github.com/vsc-eco/vsc-dex-mapping/services/indexer/indexer.go:499.52,504.35 4 1
github.com/vsc-eco/vsc-dex-mapping/services/indexer/indexer.go:504.35,506.17 2 1
github.com/vsc-eco/vsc-dex-mapping/services/indexer/indexer.go:506.17,507.12 1 0
github.com/vsc-eco/vsc-dex-mapping/services/indexer/indexer.go:509.3,509.40 1 1
github.com/vsc-eco/vsc-dex-mapping/services/indexer/indexer.go:512.2,512.22 1 1
github.com/vsc-eco/vsc-dex-mapping/services/indexer/readmodels.go:39.38,53.2 3 1
github.com/vsc-eco/vsc-dex-mapping/services/indexer/readmodels.go:56.59,61.9 3 1
github.com/vsc-eco/vsc-dex-mapping/services/indexer/readmodels.go:62.75,63.37 1 1
github.com/vsc-eco/vsc-dex-mapping/services/indexer/readmodels.go:64.10,67.42 1 1
github.com/vsc-eco/vsc-dex-mapping/services/indexer/readmodels.go:72.65,80.22 2 1
github.com/vsc-eco/vsc-dex-mapping/services/indexer/readmodels.go:81.24,89.59 2 1
github.com/vsc-eco/vsc-dex-mapping/services/indexer/readmodels.go:89.59,91.4 1 0
github.com/vsc-eco/vsc-dex-mapping/services/indexer/readmodels.go:94.3,95.22 2 1
github.com/vsc-eco/vsc-dex-mapping/services/indexer/readmodels.go:95.22,97.4 1 0
github.com/vsc-eco/vsc-dex-mapping/services/indexer/readmodels.go:98.3,116.30 4 1
github.com/vsc-eco/vsc-dex-mapping/services/indexer/readmodels.go:116.30,119.4 2 1
github.com/vsc-eco/vsc-dex-mapping/services/indexer/readmodels.go:119.9,121.4 1 1
github.com/vsc-eco/vsc-dex-mapping/services/indexer/readmodels.go:123.3,123.30 1 1
github.com/vsc-eco/vsc-dex-mapping/services/indexer/readmodels.go:123.30,126.4 2 1
github.com/vsc-eco/vsc-dex-mapping/services/indexer/readmodels.go:126.9,128.4 1 1
github.com/vsc-eco/vsc-dex-mapping/services/indexer/readmodels.go:130.3,140.34 5 1
github.com/vsc-eco/vsc-dex-mapping/services/indexer/readmodels.go:140.34,142.4 1 0
github.com/vsc-eco/vsc-dex-mapping/services/indexer/readmodels.go:144.3,144.13 1 1
github.com/vsc-eco/vsc-dex-mapping/services/indexer/readmodels.go:148.2,148.42 1 1
github.com/vsc-eco/vsc-dex-mapping/services/indexer/readmodels.go:152.70,155.13 2 1
github.com/vsc-eco/vsc-dex-mapping/services/indexer/readmodels.go:155.13,159.3 1 1
github.com/vsc-eco/vsc-dex-mapping/services/indexer/readmodels.go:162.2,169.22 2 0
github.com/vsc-eco/vsc-dex-mapping/services/indexer/readmodels.go:170.14,178.59 2 0
github.com/vsc-eco/vsc-dex-mapping/services/indexer/readmodels.go:178.59,180.4 1 0
github.com/vsc-eco/vsc-dex-mapping/services/indexer/readmodels.go:182.3,182.47 1 0
github.com/vsc-eco/vsc-dex-mapping/services/indexer/readmodels.go:182.47,184.35 1 0
github.com/vsc-eco/vsc-dex-mapping/services/indexer/readmodels.go:184.35,186.40 2 0
github.com/vsc-eco/vsc-dex-mapping/services/indexer/readmodels.go:186.40,188.6 1 0
github.com/vsc-eco/vsc-dex-mapping/services/indexer/readmodels.go:189.10,191.40 2 0
github.com/vsc-eco/vsc-dex-mapping/services/indexer/readmodels.go:191.40,193.6 1 0
github.com/vsc-eco/vsc-dex-mapping/services/indexer/readmodels.go:195.4,195.27 1 0
github.com/vsc-eco/vsc-dex-mapping/services/indexer/readmodels.go:198.3,205.4 3 0
github.com/vsc-eco/vsc-dex-mapping/services/indexer/readmodels.go:207.23,214.59 2 0
github.com/vsc-eco/vsc-dex-mapping/services/indexer/readmodels.go:214.59,216.4 1 0
github.com/vsc-eco/vsc-dex-mapping/services/indexer/readmodels.go:218.3,218.47 1 0
github.com/vsc-eco/vsc-dex-mapping/services/indexer/readmodels.go:218.47,221.25 3 0
github.com/vsc-eco/vsc-dex-mapping/services/indexer/readmodels.go:221.25,223.5 1 0
github.com/vsc-eco/vsc-dex-mapping/services/indexer/readmodels.go:224.4,226.49 2 0
github.com/vsc-eco/vsc-dex-mapping/services/indexer/readmodels.go:226.49,228.5 1 0
github.com/vsc-eco/vsc-dex-mapping/services/indexer/readmodels.go:231.3,237.4 3 0
github.com/vsc-eco/vsc-dex-mapping/services/indexer/readmodels.go:239.26,246.59 2 0
github.com/vsc-eco/vsc-dex-mapping/services/indexer/readmodels.go:246.59,248.4 1 0
github.com/vsc-eco/vsc-dex-mapping/services/indexer/readmodels.go:250.3,250.47 1 0
github.com/vsc-eco/vsc-dex-mapping/services/indexer/readmodels.go:250.47,251.24 1 0
github.com/vsc-eco/vsc-dex-mapping/services/indexer/readmodels.go:251.24,252.38 1 0
github.com/vsc-eco/vsc-dex-mapping/services/indexer/readmodels.go:252.38,254.6 1 0
github.com/vsc-eco/vsc-dex-mapping/services/indexer/readmodels.go:256.4,256.24 1 0
github.com/vsc-eco/vsc-dex-mapping/services/indexer/readmodels.go:256.24,257.38 1 0
github.com/vsc-eco/vsc-dex-mapping/services/indexer/readmodels.go:257.38,259.6 1 0
github.com/vsc-eco/vsc-dex-mapping/services/indexer/readmodels.go:261.4,261.41 1 0
github.com/vsc-eco/vsc-dex-mapping/services/indexer/readmodels.go:261.41,263.5 1 0
github.com/vsc-eco/vsc-dex-mapping/services/indexer/readmodels.go:264.4,266.28 2 0
github.com/vsc-eco/vsc-dex-mapping/services/indexer/readmodels.go:266.28,268.5 1 0
github.com/vsc-eco/vsc-dex-mapping/services/indexer/readmodels.go:271.3,277.4 3 0
github.com/vsc-eco/vsc-dex-mapping/services/indexer/readmodels.go:281.2,282.33 2 0
github.com/vsc-eco/vsc-dex-mapping/services/indexer/readmodels.go:282.33,284.3 1 0
github.com/vsc-eco/vsc-dex-mapping/services/indexer/readmodels.go:286.2,286.12 1 0
github.com/vsc-eco/vsc-dex-mapping/services/indexer/readmodels.go:290.71,299.22 2 1
github.com/vsc-eco/vsc-dex-mapping/services/indexer/readmodels.go:300.22,307.59 2 1
github.com/vsc-eco/vsc-dex-mapping/services/indexer/readmodels.go:307.59,309.4 1 1
github.com/vsc-eco/vsc-dex-mapping/services/indexer/readmodels.go:311.3,326.4 4 1
github.com/vsc-eco/vsc-dex-mapping/services/indexer/readmodels.go:328.25,336.59 2 1
github.com/vsc-eco/vsc-dex-mapping/services/indexer/readmodels.go:336.59,338.4 1 0
github.com/vsc-eco/vsc-dex-mapping/services/indexer/readmodels.go:340.3,340.52 1 1
github.com/vsc-eco/vsc-dex-mapping/services/indexer/readmodels.go:340.52,345.21 4 1
github.com/vsc-eco/vsc-dex-mapping/services/indexer/readmodels.go:345.21,347.5 1 1
github.com/vsc-eco/vsc-dex-mapping/services/indexer/readmodels.go:348.4,352.23 3 1
github.com/vsc-eco/vsc-dex-mapping/services/indexer/readmodels.go:352.23,354.5 1 0
github.com/vsc-eco/vsc-dex-mapping/services/indexer/readmodels.go:357.3,364.4 4 1
github.com/vsc-eco/vsc-dex-mapping/services/indexer/readmodels.go:366.27,374.59 2 0
github.com/vsc-eco/vsc-dex-mapping/services/indexer/readmodels.go:374.59,376.4 1 0
github.com/vsc-eco/vsc-dex-mapping/services/indexer/readmodels.go:378.3,378.52 1 0
github.com/vsc-eco/vsc-dex-mapping/services/indexer/readmodels.go:378.52,386.4 5 0
github.com/vsc-eco/vsc-dex-mapping/services/indexer/readmodels.go:388.3,395.4 4 0
github.com/vsc-eco/vsc-dex-mapping/services/indexer/readmodels.go:397.23,408.59 2 1
github.com/vsc-eco/vsc-dex-mapping/services/indexer/readmodels.go:408.59,410.4 1 0
github.com/vsc-eco/vsc-dex-mapping/services/indexer/readmodels.go:412.3,412.52 1 1
github.com/vsc-eco/vsc-dex-mapping/services/indexer/readmodels.go:412.52,414.46 1 1
github.com/vsc-eco/vsc-dex-mapping/services/indexer/readmodels.go:414.46,417.5 2 1
github.com/vsc-eco/vsc-dex-mapping/services/indexer/readmodels.go:417.10,419.36 1 0
github.com/vsc-eco/vsc-dex-mapping/services/indexer/readmodels.go:419.36,422.6 2 0
github.com/vsc-eco/vsc-dex-mapping/services/indexer/readmodels.go:422.11,425.6 2 0
github.com/vsc-eco/vsc-dex-mapping/services/indexer/readmodels.go:427.4,427.32 1 1
github.com/vsc-eco/vsc-dex-mapping/services/indexer/readmodels.go:430.3,440.4 4 1
github.com/vsc-eco/vsc-dex-mapping/services/indexer/readmodels.go:444.2,445.33 2 1
github.com/vsc-eco/vsc-dex-mapping/services/indexer/readmodels.go:445.33,447.3 1 0
github.com/vsc-eco/vsc-dex-mapping/services/indexer/readmodels.go:449.2,449.12 1 1
github.com/vsc-eco/vsc-dex-mapping/services/indexer/readmodels.go:453.58,458.32 4 1
github.com/vsc-eco/vsc-dex-mapping/services/indexer/readmodels.go:458.32,460.3 1 1
github.com/vsc-eco/vsc-dex-mapping/services/indexer/readmodels.go:462.2,462.19 1 1
github.com/vsc-eco/vsc-dex-mapping/services/indexer/readmodels.go:466.65,472.2 4 1
github.com/vsc-eco/vsc-dex-mapping/services/indexer/readmodels.go:475.97,479.32 3 0
github.com/vsc-eco/vsc-dex-mapping/services/indexer/readmodels.go:479.32,480.23 1 0
github.com/vsc-eco/vsc-dex-mapping/services/indexer/readmodels.go:480.23,481.13 1 0
github.com/vsc-eco/vsc-dex-mapping/services/indexer/readmodels.go:481.13,483.5 1 0
github.com/vsc-eco/vsc-dex-mapping/services/indexer/readmodels.go:483.10,484.28 1 0
github.com/vsc-eco/vsc-dex-mapping/services/indexer/readmodels.go:484.28,486.6 1 0
github.com/vsc-eco/vsc-dex-mapping/services/indexer/readmodels.go:486.11,488.6 1 0
github.com/vsc-eco/vsc-dex-mapping/services/indexer/readmodels.go:490.4,492.9 3 0
github.com/vsc-eco/vsc-dex-mapping/services/indexer/readmodels.go:496.2,496.35 1 0
github.com/vsc-eco/vsc-dex-mapping/services/indexer/readmodels.go:496.35,502.3 1 0
github.com/vsc-eco/vsc-dex-mapping/services/indexer/readmodels.go:505.2,506.27 2 0
github.com/vsc-eco/vsc-dex-mapping/services/indexer/readmodels.go:506.27,507.18 1 0
github.com/vsc-eco/vsc-dex-mapping/services/indexer/readmodels.go:507.18,509.4 1 0
github.com/vsc-eco/vsc-dex-mapping/services/indexer/readmodels.go:509.9,511.4 1 0
github.com/vsc-eco/vsc-dex-mapping/services/indexer/readmodels.go:514.2,514.34 1 0
github.com/vsc-eco/vsc-dex-mapping/services/indexer/readmodels.go:518.111,524.49 4 0
github.com/vsc-eco/vsc-dex-mapping/services/indexer/readmodels.go:524.49,527.42 2 0
github.com/vsc-eco/vsc-dex-mapping/services/indexer/readmodels.go:527.42,528.12 1 0
github.com/vsc-eco/vsc-dex-mapping/services/indexer/readmodels.go:530.3,530.40 1 0
github.com/vsc-eco/vsc-dex-mapping/services/indexer/readmodels.go:530.40,531.12 1 0
github.com/vsc-eco/vsc-dex-mapping/services/indexer/readmodels.go:534.3,535.29 2 0
github.com/vsc-eco/vsc-dex-mapping/services/indexer/readmodels.go:535.29,536.9 1 0
github.com/vsc-eco/vsc-dex-mapping/services/indexer/readmodels.go:540.2,540.22 1 0
github.com/vsc-eco/vsc-dex-mapping/services/indexer/readmodels.go:544.77,548.37 3 0
github.com/vsc-eco/vsc-dex-mapping/services/indexer/readmodels.go:548.37,549.20 1 0
github.com/vsc-eco/vsc-dex-mapping/services/indexer/readmodels.go:549.20,551.4 1 0
github.com/vsc-eco/vsc-dex-mapping/services/indexer/readmodels.go:553.2,553.33 1 0
github.com/vsc-eco/vsc-dex-mapping/services/indexer/readmodels.go:557.93,562.13 4 0
github.com/vsc-eco/vsc-dex-mapping/services/indexer/readmodels.go:562.13,564.3 1 0
github.com/vsc-eco/vsc-dex-mapping/services/indexer/readmodels.go:567.2,569.20 3 0
github.com/vsc-eco/vsc-dex-mapping/services/indexer/readmodels.go:573.102,578.13 4 0
github.com/vsc-eco/vsc-dex-mapping/services/indexer/readmodels.go:578.13,580.3 1 0
github.com/vsc-eco/vsc-dex-mapping/services/indexer/readmodels.go:583.2,583.40 1 0
github.com/vsc-eco/vsc-dex-mapping/services/indexer/readmodels.go:583.40,584.43 1 0
github.com/vsc-eco/vsc-dex-mapping/services/indexer/readmodels.go:584.43,585.49 1 0
github.com/vsc-eco/vsc-dex-mapping/services/indexer/readmodels.go:585.49,587.5 1 0
github.com/vsc-eco/vsc-dex-mapping/services/indexer/readmodels.go:592.2,594.29 3 0
github.com/vsc-eco/vsc-dex-mapping/services/indexer/readmodels.go:594.29,596.3 1 0
github.com/vsc-eco/vsc-dex-mapping/services/indexer/readmodels.go:597.2,597.26 1 0
github.com/vsc-eco/vsc-dex-mapping/services/indexer/readmodels.go:597.26,599.3 1 0
github.com/vsc-eco/vsc-dex-mapping/services/indexer/readmodels.go:601.2,603.20 3 0
github.com/vsc-eco/vsc-dex-mapping/services/indexer/readmodels.go:609.53,613.17 2 1
github.com/vsc-eco/vsc-dex-mapping/services/indexer/readmodels.go:613.17,616.3 2 0
github.com/vsc-eco/vsc-dex-mapping/services/indexer/readmodels.go:625.60,627.47 1 1
github.com/vsc-eco/vsc-dex-mapping/services/indexer/readmodels.go:627.47,629.3 1 1
github.com/vsc-eco/vsc-dex-mapping/services/indexer/readmodels.go:641.2,641.11 1 1
github.com/vsc-eco/vsc-dex-mapping/services/indexer/readmodels.go:645.60,651.31 4 1
github.com/vsc-eco/vsc-dex-mapping/services/indexer/readmodels.go:651.31,653.3 1 1
github.com/vsc-eco/vsc-dex-mapping/services/indexer/readmodels.go:656.2,657.31 2 1
github.com/vsc-eco/vsc-dex-mapping/services/indexer/readmodels.go:657.31,659.3 1 1
github.com/vsc-eco/vsc-dex-mapping/services/indexer/readmodels.go:661.2,722.3 1 1
github.com/vsc-eco/vsc-dex-mapping/services/indexer/server.go:19.51,48.2 12 1
github.com/vsc-eco/vsc-dex-mapping/services/indexer/server.go:51.32,53.2 1 0
github.com/vsc-eco/vsc-dex-mapping/services/indexer/server.go:56.50,58.2 1 0
github.com/vsc-eco/vsc-dex-mapping/services/indexer/server.go:61.73,63.16 2 1
github.com/vsc-eco/vsc-dex-mapping/services/indexer/server.go:63.16,66.3 2 0
github.com/vsc-eco/vsc-dex-mapping/services/indexer/server.go:68.2,69.34 2 1
github.com/vsc-eco/vsc-dex-mapping/services/indexer/server.go:73.72,78.43 3 1
github.com/vsc-eco/vsc-dex-mapping/services/indexer/server.go:78.43,79.50 1 1
github.com/vsc-eco/vsc-dex-mapping/services/indexer/server.go:79.50,80.57 1 1
github.com/vsc-eco/vsc-dex-mapping/services/indexer/server.go:80.57,84.5 3 1
github.com/vsc-eco/vsc-dex-mapping/services/indexer/server.go:88.2,88.54 1 1
github.com/vsc-eco/vsc-dex-mapping/services/indexer/server.go:92.80,97.43 3 0
github.com/vsc-eco/vsc-dex-mapping/services/indexer/server.go:97.43,98.50 1 0
github.com/vsc-eco/vsc-dex-mapping/services/indexer/server.go:98.50,100.18 2 0
github.com/vsc-eco/vsc-dex-mapping/services/indexer/server.go:100.18,103.5 2 0
github.com/vsc-eco/vsc-dex-mapping/services/indexer/server.go:105.4,110.10 3 0
github.com/vsc-eco/vsc-dex-mapping/services/indexer/server.go:114.2,114.54 1 0
github.com/vsc-eco/vsc-dex-mapping/services/indexer/server.go:118.80,129.21 7 0
github.com/vsc-eco/vsc-dex-mapping/services/indexer/server.go:129.21,130.62 1 0
github.com/vsc-eco/vsc-dex-mapping/services/indexer/server.go:130.62,132.4 1 0
github.com/vsc-eco/vsc-dex-mapping/services/indexer/server.go:135.2,135.20 1 0
github.com/vsc-eco/vsc-dex-mapping/services/indexer/server.go:135.20,136.72 1 0
github.com/vsc-eco/vsc-dex-mapping/services/indexer/server.go:136.72,138.4 1 0
github.com/vsc-eco/vsc-dex-mapping/services/indexer/server.go:142.2,142.43 1 0
github.com/vsc-eco/vsc-dex-mapping/services/indexer/server.go:142.43,143.50 1 0
github.com/vsc-eco/vsc-dex-mapping/services/indexer/server.go:143.50,145.18 2 0
github.com/vsc-eco/vsc-dex-mapping/services/indexer/server.go:145.18,148.5 2 0
github.com/vsc-eco/vsc-dex-mapping/services/indexer/server.go:150.4,157.10 3 0
github.com/vsc-eco/vsc-dex-mapping/services/indexer/server.go:161.2,161.54 1 0
github.com/vsc-eco/vsc-dex-mapping/services/indexer/server.go:165.80,172.20 5 0
github.com/vsc-eco/vsc-dex-mapping/services/indexer/server.go:172.20,173.73 1 0
github.com/vsc-eco/vsc-dex-mapping/services/indexer/server.go:173.73,175.4 1 0
github.com/vsc-eco/vsc-dex-mapping/services/indexer/server.go:179.2,179.43 1 0
github.com/vsc-eco/vsc-dex-mapping/services/indexer/server.go:179.43,180.50 1 0
github.com/vsc-eco/vsc-dex-mapping/services/indexer/server.go:180.50,182.18 2 0
github.com/vsc-eco/vsc-dex-mapping/services/indexer/server.go:182.18,185.5 2 0
github.com/vsc-eco/vsc-dex-mapping/services/indexer/server.go:187.4,192.10 3 0
github.com/vsc-eco/vsc-dex-mapping/services/indexer/server.go:196.2,196.80 1 0
github.com/vsc-eco/vsc-dex-mapping/services/indexer/server.go:200.79,205.43 3 0
github.com/vsc-eco/vsc-dex-mapping/services/indexer/server.go:205.43,206.50 1 0
github.com/vsc-eco/vsc-dex-mapping/services/indexer/server.go:206.50,208.14 2 0
github.com/vsc-eco/vsc-dex-mapping/services/indexer/server.go:208.14,211.5 2 0
github.com/vsc-eco/vsc-dex-mapping/services/indexer/server.go:213.4,215.10 3 0
github.com/vsc-eco/vsc-dex-mapping/services/indexer/server.go:219.2,219.61 1 0
github.com/vsc-eco/vsc-dex-mapping/services/indexer/server.go:223.74,225.43 1 1
github.com/vsc-eco/vsc-dex-mapping/services/indexer/server.go:225.43,226.50 1 1
github.com/vsc-eco/vsc-dex-mapping/services/indexer/server.go:226.50,231.4 4 1
github.com/vsc-eco/vsc-dex-mapping/services/indexer/server.go:235.2,235.76 1 1
github.com/vsc-eco/vsc-dex-mapping/services/indexer/server.go:239.71,245.2 2 1
